
Filesystems usage for user zhidhu ( uid 646318923 ):
-------------------------------------------------------------------------------------
Directory                       Used   Limit   Used,%         Files     Limit
-------------------------------------------------------------------------------------
/home/zhidhu                   6.6GB    15GB    43.9%         21000    100000
/data/zhidhu                    18GB   200GB     8.6%         33269          
/scratch/zhidhu                7.6GB    20TB     0.0%         36305          

/shares/atomt.pilot.s3it.uzh    29GB    10TB     0.3%          2579          
-------------------------------------------------------------------------------------

Files on /scratch may be purged after 30 days.
See https://docs.s3it.uzh.ch/cluster/data

[2025-11-27 15:03:05] COMMAND: translate_assign5.py --cuda --beam-size 1,3,5 --input /home/zhidhu/shares/cz-en/data/raw/test.cz --src-tokenizer ./atmt_a3_MQA/tokenizers/cz-bpe-8000.model --tgt-tokenizer ./atmt_a3_MQA/tokenizers/en-bpe-8000.model --checkpoint-path ./atmt_a3_MQA/checkpoints/checkpoint_last.pt --output ./out_put/output_task2_opt.txt --max-len 300 --bleu --reference /home/zhidhu/shares/atomt.pilot.s3it.uzh/cz-en/data/raw/test.en
[2025-11-27 15:03:06] Arguments: {'cuda': True, 'data': 'cz-en/data/prepared/', 'source_lang': 'cz', 'target_lang': 'en', 'src_tokenizer': './atmt_a3_MQA/tokenizers/cz-bpe-8000.model', 'tgt_tokenizer': './atmt_a3_MQA/tokenizers/en-bpe-8000.model', 'max_tokens': None, 'batch_size': 1, 'train_on_tiny': False, 'arch': 'transformer', 'max_epoch': 7, 'clip_norm': 4.0, 'lr': 0.0003, 'patience': 3, 'max_length': 300, 'log_file': 'cz-en/logs/train.log', 'save_dir': 'cz-en/checkpoints/', 'restore_file': 'checkpoint_last.pt', 'save_interval': 1, 'no_save': False, 'epoch_checkpoints': False, 'ignore_checkpoints': True, 'encoder_dropout': 0.1, 'decoder_dropout': 0.1, 'dim_embedding': 256, 'attention_heads': 4, 'dim_feedforward_encoder': 1024, 'dim_feedforward_decoder': 1024, 'max_seq_len': 300, 'n_encoder_layers': 3, 'n_decoder_layers': 3, 'encoder_embed_path': None, 'decoder_embed_path': None, 'seed': 42, 'input': '/home/zhidhu/shares/cz-en/data/raw/test.cz', 'checkpoint_path': './atmt_a3_MQA/checkpoints/checkpoint_last.pt', 'output': './out_put/output_task2_opt.txt', 'max_len': 300, 'beam_size': [1, 3, 5], 'alpha': 0.7, 'bleu': True, 'reference': '/home/zhidhu/shares/atomt.pilot.s3it.uzh/cz-en/data/raw/test.en'}
[2025-11-27 15:03:06] We are loading tokenizer...
[2025-11-27 15:03:06] Loaded a model from checkpoint ./atmt_a3_MQA/checkpoints/checkpoint_last.pt
[2025-11-27 15:03:06] We are translating on 100 texts.
[2025-11-27 15:03:06] PAD ID: 3, BOS ID: 1, EOS ID: 2
          PAD token: "<pad>", BOS token: "<s>", EOS token: "</s>"
[2025-11-27 15:03:06] Now we after testing the time After optimization
[2025-11-27 15:03:06] Now we are testing on 1 candidates
Beam size 1: 0it [00:00, ?it/s]Beam size 1: 0it [00:00, ?it/s]
Traceback (most recent call last):
  File "/data/zhidhu/atmt_2025_assignment3/translate_assign5.py", line 211, in <module>
    main(args)
  File "/data/zhidhu/atmt_2025_assignment3/translate_assign5.py", line 162, in main
    prediction = funcs[1](model=model,
                 ^^^^^^^^^^^^^^^^^^^^^
  File "/data/zhidhu/atmt_2025_assignment3/seq2seq/decode.py", line 62, in decode_opt
    output = model.decoder(generated, memory, trg_pad_mask, src_pad_mask)
             ^^^^^^^^^^^^^^^^^^^^^^^^^^^^^^^^^^^^^^^^^^^^^^^^^^^^^^^^^^^^
  File "/home/zhidhu/.local/lib/python3.12/site-packages/torch/nn/modules/module.py", line 1775, in _wrapped_call_impl
    return self._call_impl(*args, **kwargs)
           ^^^^^^^^^^^^^^^^^^^^^^^^^^^^^^^^
  File "/home/zhidhu/.local/lib/python3.12/site-packages/torch/nn/modules/module.py", line 1786, in _call_impl
    return forward_call(*args, **kwargs)
           ^^^^^^^^^^^^^^^^^^^^^^^^^^^^^
  File "/data/zhidhu/atmt_2025_assignment3/seq2seq/models/transformer.py", line 173, in forward
    x = self.tok_embed(trg) + self.pos_embed[:, :trg.size(1), :]
        ^^^^^^^^^^^^^^^^^^^
  File "/home/zhidhu/.local/lib/python3.12/site-packages/torch/nn/modules/module.py", line 1775, in _wrapped_call_impl
    return self._call_impl(*args, **kwargs)
           ^^^^^^^^^^^^^^^^^^^^^^^^^^^^^^^^
  File "/home/zhidhu/.local/lib/python3.12/site-packages/torch/nn/modules/module.py", line 1786, in _call_impl
    return forward_call(*args, **kwargs)
           ^^^^^^^^^^^^^^^^^^^^^^^^^^^^^
  File "/home/zhidhu/.local/lib/python3.12/site-packages/torch/nn/modules/sparse.py", line 192, in forward
    return F.embedding(
           ^^^^^^^^^^^^
  File "/home/zhidhu/.local/lib/python3.12/site-packages/torch/nn/functional.py", line 2542, in embedding
    return torch.embedding(weight, input, padding_idx, scale_grad_by_freq, sparse)
           ^^^^^^^^^^^^^^^^^^^^^^^^^^^^^^^^^^^^^^^^^^^^^^^^^^^^^^^^^^^^^^^^^^^^^^^
RuntimeError: Expected tensor for argument #1 'indices' to have one of the following scalar types: Long, Int; but got CUDABoolType instead (while checking arguments for embedding)
